
> final_project@0.1.0 build
> next build

▲ Next.js 16.2.4 (Turbopack)
- Environments: .env.local

  Creating an optimized production build ...
✓ Compiled successfully in 7.5s
  Running TypeScript ...
  Finished TypeScript in 9.8s ...
  Collecting page data using 7 workers ...
  Generating static pages using 7 workers (0/10) ...
  Generating static pages using 7 workers (2/10) 
  Generating static pages using 7 workers (4/10) 
  Generating static pages using 7 workers (7/10) 
✓ Generating static pages using 7 workers (10/10) in 818ms
  Finalizing page optimization ...

Route (app)
┌ ○ /
├ ○ /_not-found
├ ○ /admin/publish
├ ƒ /api/broadcast
├ ○ /articles
├ ƒ /articles/[id]
├ ○ /auth
├ ○ /dashboard
└ ○ /profile


○  (Static)   prerendered as static content
ƒ  (Dynamic)  server-rendered on demand

